../Core/Src/BaseSystemStateMachine.c:64:6:BaseSystem_SetHome	4	static
../Core/Src/BaseSystemStateMachine.c:95:6:BaseSystem_RunPointMode	8	static
../Core/Src/BaseSystemStateMachine.c:133:6:BaseSystem_SetPickTray	16	static
../Core/Src/BaseSystemStateMachine.c:198:6:BaseSystem_SetPlaceTray	16	static
../Core/Src/BaseSystemStateMachine.c:262:6:BaseSystem_RuntrayMode	8	static
../Core/Src/BaseSystemStateMachine.c:364:6:BaseSystem_EffAllOff	8	static
../Core/Src/BaseSystemStateMachine.c:370:6:BaseSystem_EffLaserOn	8	static
../Core/Src/BaseSystemStateMachine.c:376:6:BaseSystem_EffGripperOn	8	static
../Core/Src/BaseSystemStateMachine.c:382:6:BaseSystem_EffGripperPick	8	static
../Core/Src/BaseSystemStateMachine.c:389:6:BaseSystem_EffGripperPlace	8	static
