../Core/Src/EndEffector.c:66:6:led_fnc	8	static
../Core/Src/EndEffector.c:88:6:motor_fnc	8	static
../Core/Src/EndEffector.c:116:6:HAL_GPIO_EXTI_Callback	16	static
../Core/Src/EndEffector.c:162:6:check_pe	8	static
../Core/Src/EndEffector.c:172:6:check_js	8	static
../Core/Src/EndEffector.c:191:6:print_st	400	static
../Core/Src/EndEffector.c:210:6:test_eff	8	static
../Core/Src/EndEffector.c:256:6:eff_write	16	static
../Core/Src/EndEffector.c:260:6:eff_write2	16	static
../Core/Src/EndEffector.c:264:6:eff_read	8	static
