../Core/Src/EndEffector.c:78:6:led_fnc	8	static
../Core/Src/EndEffector.c:100:6:motor_fnc	8	static
../Core/Src/EndEffector.c:128:6:HAL_GPIO_EXTI_Callback	16	static
../Core/Src/EndEffector.c:181:6:check_pe	8	static
../Core/Src/EndEffector.c:191:6:check_js	8	static
../Core/Src/EndEffector.c:210:6:print_st	400	static
../Core/Src/EndEffector.c:229:6:test_eff	8	static
../Core/Src/EndEffector.c:275:6:eff_write	16	static
../Core/Src/EndEffector.c:279:6:eff_write2	16	static
../Core/Src/EndEffector.c:283:6:eff_read	8	static
