../Core/Src/main.c:144:5:main	8	static
../Core/Src/main.c:213:6:SystemClock_Config	88	static
../Core/Src/main.c:260:13:MX_ADC1_Init	24	static
../Core/Src/main.c:321:13:MX_TIM1_Init	96	static
../Core/Src/main.c:396:13:MX_TIM3_Init	56	static
../Core/Src/main.c:445:13:MX_TIM5_Init	32	static
../Core/Src/main.c:490:13:MX_TIM11_Init	40	static
../Core/Src/main.c:535:13:MX_USART2_UART_Init	8	static
../Core/Src/main.c:566:13:MX_DMA_Init	16	static
../Core/Src/main.c:588:13:MX_GPIO_Init	48	static
../Core/Src/main.c:654:6:HAL_TIM_PeriodElapsedCallback	24	static
../Core/Src/main.c:687:6:ControllerState	8	static
../Core/Src/main.c:734:6:HAL_GPIO_EXTI_Callback	16	static
../Core/Src/main.c:747:6:check_pe	8	static
../Core/Src/main.c:762:6:Error_Handler	4	static,ignoring_inline_asm
