../Core/Src/main.c:202:5:main	16	static
../Core/Src/main.c:431:6:SystemClock_Config	88	static
../Core/Src/main.c:478:13:MX_ADC1_Init	24	static
../Core/Src/main.c:539:13:MX_I2C1_Init	8	static
../Core/Src/main.c:573:13:MX_TIM1_Init	96	static
../Core/Src/main.c:648:13:MX_TIM3_Init	56	static
../Core/Src/main.c:697:13:MX_TIM5_Init	32	static
../Core/Src/main.c:742:13:MX_TIM11_Init	40	static
../Core/Src/main.c:787:13:MX_USART2_UART_Init	8	static
../Core/Src/main.c:818:13:MX_DMA_Init	16	static
../Core/Src/main.c:843:13:MX_GPIO_Init	48	static
../Core/Src/main.c:919:6:HAL_TIM_PeriodElapsedCallback	24	static
../Core/Src/main.c:1034:6:ControllerState	16	static
../Core/Src/main.c:1103:6:Error_Handler	4	static,ignoring_inline_asm
